package test

import (
	"testing"
	"time"
	math_rand "math/rand"

	"github.com/dropbox/goprotoc/proto"
)

func TestCustom(t *testing.T) {
	popr := math_rand.New(math_rand.NewSource(time.Now().UnixNano()))
	p := NewPopulatedMessageCustom(popr, false)
	data, err := proto.Marshal(p)
	if err != nil {
		panic(err)
	}
	msg := &MessageCustom{}
	if err := proto.Unmarshal(data, msg); err != nil {
		panic(err)
	}
	for i := range data {
		data[i] = byte(popr.Intn(256))
	}
	if err := p.VerboseEqual(msg); err != nil {
		t.Fatalf("%#v !VerboseProto %#v, since %v", msg, p, err)
	}
	if !p.Equal(msg) {
		t.Fatalf("%#v !Proto %#v", msg, p)
	}
}
